// Jest Snapshot v1, https://goo.gl/fbAQLP

exports[`renders ball background 1`] = `
<div
  className="ball-background-container h-full w-full absolute left-0 top-0"
>
  <div
    className="ball-background relative w-full h-full"
  />
</div>
`;
